---
source: tests/integration_tests.rs
expression: results
input_file: tests/detectors/dead_code.cairo
---
[
    Result {
        impact: Medium,
        name: "felt252-unsafe-arithmetic",
        confidence: Medium,
        message: "The function dead_code::dead_code::DeadCode::add_1 uses the felt252 operation core::Felt252Add::add (dead_code.cairo:55) with the user-controlled operands: 1st, which is not overflow/underflow safe",
        locations: [
            SourceLocation {
                file: "dead_code.cairo",
                line: 55,
                col: 9,
            },
        ],
    },
    Result {
        impact: Medium,
        name: "felt252-unsafe-arithmetic",
        confidence: Medium,
        message: "The function dead_code::dead_code::testcomp::InternalImpl::<dead_code::dead_code::DeadCode::ContractState, dead_code::dead_code::DeadCode::HasComponentImpl_testcomp>::bump uses the felt252 operation core::Felt252Add::add (dead_code.cairo:20), which is not overflow/underflow safe",
        locations: [
            SourceLocation {
                file: "dead_code.cairo",
                line: 20,
                col: 30,
            },
        ],
    },
    Result {
        impact: Medium,
        name: "unused-events",
        confidence: Medium,
        message: "Event Event defined in dead_code::dead_code::testcomp is never emitted",
        locations: [],
    },
]
