---
source: tests/integration_tests.rs
expression: results
input_file: tests/detectors/unprotected_replace_class.cairo
---
[
    Result {
        impact: High,
        name: "unprotected-replace-class",
        confidence: Low,
        message: "The external function unprotected_replace_class::unprotected_replace_class::UnprotectedReplaceClass::__wrapper__bad_upgrade (unprotected_replace_class.cairo:15) can replace the contract class without a caller address check",
        locations: [
            SourceLocation {
                file: "unprotected_replace_class.cairo",
                line: 15,
                col: 5,
            },
        ],
    },
    Result {
        impact: High,
        name: "unprotected-replace-class",
        confidence: Low,
        message: "The external function unprotected_replace_class::unprotected_replace_class::UnprotectedReplaceClass::__wrapper__bad_upgrade_indirect (unprotected_replace_class.cairo:23) can replace the contract class without a caller address check",
        locations: [
            SourceLocation {
                file: "unprotected_replace_class.cairo",
                line: 23,
                col: 5,
            },
        ],
    },
]
