---
source: tests/integration_tests.rs
assertion_line: 23
expression: results
input_file: tests/detectors/unused_return.cairo
---
[
    Result {
        impact: Medium,
        name: "felt252-unsafe-arithmetic",
        confidence: Medium,
        message: "The function unused_return::unused_return::UnusedReturn::__wrapper__no_report2 uses the felt252 operation felt252_mul([33], [39]) -> ([40]), which is not overflow/underflow safe",
    },
    Result {
        impact: Medium,
        name: "felt252-unsafe-arithmetic",
        confidence: Medium,
        message: "The function unused_return::unused_return::UnusedReturn::__wrapper__no_report3 uses the felt252 operation felt252_mul([33], [39]) -> ([40]), which is not overflow/underflow safe",
    },
    Result {
        impact: Medium,
        name: "felt252-unsafe-arithmetic",
        confidence: Medium,
        message: "The function unused_return::unused_return::UnusedReturn::__wrapper__no_report4 uses the felt252 operation felt252_add([35], [68]) -> ([69]) with the user-controlled parameters: [35],[68], which is not overflow/underflow safe",
    },
    Result {
        impact: Medium,
        name: "felt252-unsafe-arithmetic",
        confidence: Medium,
        message: "The function unused_return::unused_return::UnusedReturn::__wrapper__no_report4 uses the felt252 operation felt252_add([67], [61]) -> ([68]) with the user-controlled parameters: [67], which is not overflow/underflow safe",
    },
    Result {
        impact: Medium,
        name: "felt252-unsafe-arithmetic",
        confidence: Medium,
        message: "The function unused_return::unused_return::UnusedReturn::__wrapper__no_report4 uses the felt252 operation felt252_mul([20], [21]) -> ([67]) with the user-controlled parameters: [20],[21], which is not overflow/underflow safe",
    },
    Result {
        impact: Medium,
        name: "felt252-unsafe-arithmetic",
        confidence: Medium,
        message: "The function unused_return::unused_return::UnusedReturn::__wrapper__no_report5 uses the felt252 operation felt252_add([67], [61]) -> ([68]) with the user-controlled parameters: [67], which is not overflow/underflow safe",
    },
    Result {
        impact: Medium,
        name: "felt252-unsafe-arithmetic",
        confidence: Medium,
        message: "The function unused_return::unused_return::UnusedReturn::__wrapper__no_report5 uses the felt252 operation felt252_mul([20], [21]) -> ([67]) with the user-controlled parameters: [20],[21], which is not overflow/underflow safe",
    },
]
