---
source: tests/integration_tests.rs
assertion_line: 23
expression: results
input_file: tests/detectors/reentrancy_events.cairo
---
[
    Result {
        impact: Low,
        name: "reentrancy-events",
        confidence: Medium,
        message: "Reentrancy in reentrancy_events::reentrancy_events::TestContract::__wrapper__bad1\n\tExternal call call_contract_syscall([5], [2], [15], [25], [28]) { fallthrough([29], [30], [31]) 296([32], [33], [34]) } done in reentrancy_events::reentrancy_events::TestContract::__wrapper__bad1\n\tEvent emitted after emit_event_syscall([29], [30], [43], [45]) { fallthrough([46], [47]) 286([48], [49], [50]) } in reentrancy_events::reentrancy_events::TestContract::__wrapper__bad1.",
    },
]
