---
source: tests/integration_tests.rs
assertion_line: 23
expression: results
input_file: tests/detectors/unused_return.cairo
---
[
    Result {
        impact: Medium,
        name: "felt252-unsafe-arithmetic",
        confidence: Medium,
        message: "The function unused_return::unused_return::UnusedReturn::f_5 uses the felt252 operation function_call<user@core::Felt252Mul::mul>([17], [18]) -> ([19]), which is not overflow/underflow safe",
    },
    Result {
        impact: Medium,
        name: "felt252-unsafe-arithmetic",
        confidence: Medium,
        message: "The function unused_return::unused_return::UnusedReturn::f_6 uses the felt252 operation function_call<user@core::Felt252Add::add>([19], [20]) -> ([21]) with the user-controlled parameters: [19], which is not overflow/underflow safe",
    },
    Result {
        impact: Medium,
        name: "felt252-unsafe-arithmetic",
        confidence: Medium,
        message: "The function unused_return::unused_return::UnusedReturn::f_6 uses the felt252 operation function_call<user@core::Felt252Mul::mul>([4], [5]) -> ([19]) with the user-controlled parameters: [4],[5], which is not overflow/underflow safe",
    },
    Result {
        impact: Medium,
        name: "felt252-unsafe-arithmetic",
        confidence: Medium,
        message: "The function unused_return::unused_return::UnusedReturn::f_7 uses the felt252 operation function_call<user@core::Felt252Add::add>([22], [23]) -> ([24]) with the user-controlled parameters: [22], which is not overflow/underflow safe",
    },
    Result {
        impact: Medium,
        name: "felt252-unsafe-arithmetic",
        confidence: Medium,
        message: "The function unused_return::unused_return::UnusedReturn::f_7 uses the felt252 operation function_call<user@core::Felt252Mul::mul>([18], [19]) -> ([21]) with the user-controlled parameters: [18],[19], which is not overflow/underflow safe",
    },
    Result {
        impact: Medium,
        name: "felt252-unsafe-arithmetic",
        confidence: Medium,
        message: "The function unused_return::unused_return::UnusedReturn::f_7 uses the felt252 operation function_call<user@core::Felt252Mul::mul>([21], [20]) -> ([22]) with the user-controlled parameters: [21],[20], which is not overflow/underflow safe",
    },
    Result {
        impact: Medium,
        name: "felt252-unsafe-arithmetic",
        confidence: Medium,
        message: "The function unused_return::unused_return::UnusedReturn::no_report4 uses the felt252 operation function_call<user@core::Felt252Add::add>([7], [16]) -> ([17]) with the user-controlled parameters: [7],[16], which is not overflow/underflow safe",
    },
    Result {
        impact: Medium,
        name: "unused-return",
        confidence: Medium,
        message: "Return value unused for the function call function_call<user@unused_return::unused_return::UnusedReturn::f_1>([0], [1], [2], [3], [4]) -> ([5], [6], [7], [8]) in unused_return::unused_return::UnusedReturn::unused_return_1",
    },
    Result {
        impact: Medium,
        name: "unused-return",
        confidence: Medium,
        message: "Return value unused for the function call function_call<user@unused_return::unused_return::UnusedReturn::f_2>([1]) -> ([2]) in unused_return::unused_return::UnusedReturn::unused_return_2",
    },
    Result {
        impact: Medium,
        name: "unused-return",
        confidence: Medium,
        message: "Return value unused for the function call function_call<user@unused_return::unused_return::UnusedReturn::f_3>([1]) -> ([2]) in unused_return::unused_return::UnusedReturn::unused_return_3",
    },
    Result {
        impact: Medium,
        name: "unused-return",
        confidence: Medium,
        message: "Return value unused for the function call function_call<user@unused_return::unused_return::UnusedReturn::f_4>([1]) -> ([2]) in unused_return::unused_return::UnusedReturn::unused_return_4",
    },
    Result {
        impact: Medium,
        name: "unused-return",
        confidence: Medium,
        message: "Return value unused for the function call function_call<user@unused_return::unused_return::UnusedReturn::f_5>([0], [1], [2], [3]) -> ([4], [5], [6], [7]) in unused_return::unused_return::UnusedReturn::unused_return_5",
    },
    Result {
        impact: Medium,
        name: "unused-return",
        confidence: Medium,
        message: "Return value unused for the function call function_call<user@unused_return::unused_return::UnusedReturn::f_6>([0], [1], [2], [3], [5], [6]) -> ([8], [9], [10], [11]) in unused_return::unused_return::UnusedReturn::unused_return_6",
    },
    Result {
        impact: Medium,
        name: "unused-return",
        confidence: Medium,
        message: "Return value unused for the function call function_call<user@unused_return::unused_return::UnusedReturn::f_7>([0], [1], [2], [3], [4]) -> ([5], [6], [7], [8]) in unused_return::unused_return::UnusedReturn::unused_return_7",
    },
]
