---
source: tests/integration_tests.rs
assertion_line: 23
expression: results
input_file: tests/detectors/dead_code.cairo
---
[
    Result {
        impact: Medium,
        name: "felt252-unsafe-arithmetic",
        confidence: Medium,
        message: "The function dead_code::dead_code::DeadCode::add_1 uses the felt252 operation core::Felt252Add::add with the user-controlled operands: 1st, which is not overflow/underflow safe",
    },
]
