---
source: tests/integration_tests.rs
assertion_line: 23
expression: results
input_file: tests/detectors/reentrancy_benign.cairo
---
[
    Result {
        impact: Low,
        name: "reentrancy-benign",
        confidence: Medium,
        message: "Reentrancy in reentrancy_benign::reentrancy_benign::TestContract::__wrapper__bad1\n\tExternal call to reentrancy_benign::reentrancy_benign::IAnotherContractDispatcherImpl::foo (reentrancy_benign.cairo:34) done in reentrancy_benign::reentrancy_benign::TestContract::bad1\n\tStorage variable #0 of reentrancy_benign::reentrancy_benign::TestContract written after the call by core::starknet::storage::StorablePointerWriteAccessImpl::write (reentrancy_benign.cairo:35) in reentrancy_benign::reentrancy_benign::TestContract::bad1.",
    },
    Result {
        impact: Low,
        name: "reentrancy-benign",
        confidence: Medium,
        message: "Reentrancy in reentrancy_benign::reentrancy_benign::TestContract::__wrapper__bad2\n\tExternal call to reentrancy_benign::reentrancy_benign::IAnotherContractDispatcherImpl::foo (1st occurrence) (reentrancy_benign.cairo:43) done in reentrancy_benign::reentrancy_benign::TestContract::bad2\n\tStorage variable #0 of reentrancy_benign::reentrancy_benign::TestContract written after the call by core::starknet::storage::StorablePointerWriteAccessImpl::write (1st occurrence) (reentrancy_benign.cairo:45) in reentrancy_benign::reentrancy_benign::TestContract::bad2.",
    },
    Result {
        impact: Low,
        name: "reentrancy-benign",
        confidence: Medium,
        message: "Reentrancy in reentrancy_benign::reentrancy_benign::TestContract::__wrapper__bad2\n\tExternal call to reentrancy_benign::reentrancy_benign::IAnotherContractDispatcherImpl::foo (1st occurrence) (reentrancy_benign.cairo:43) done in reentrancy_benign::reentrancy_benign::TestContract::bad2\n\tStorage variable #1 of reentrancy_benign::reentrancy_benign::TestContract written after the call by core::starknet::storage::StorablePointerWriteAccessImpl::write (2nd occurrence) (reentrancy_benign.cairo:46) in reentrancy_benign::reentrancy_benign::TestContract::bad2.",
    },
    Result {
        impact: Low,
        name: "reentrancy-benign",
        confidence: Medium,
        message: "Reentrancy in reentrancy_benign::reentrancy_benign::TestContract::__wrapper__bad2\n\tExternal call to reentrancy_benign::reentrancy_benign::IAnotherContractDispatcherImpl::foo (2nd occurrence) (reentrancy_benign.cairo:41) done in reentrancy_benign::reentrancy_benign::TestContract::bad2\n\tStorage variable #0 of reentrancy_benign::reentrancy_benign::TestContract written after the call by core::starknet::storage::StorablePointerWriteAccessImpl::write (1st occurrence) (reentrancy_benign.cairo:45) in reentrancy_benign::reentrancy_benign::TestContract::bad2.",
    },
    Result {
        impact: Low,
        name: "reentrancy-benign",
        confidence: Medium,
        message: "Reentrancy in reentrancy_benign::reentrancy_benign::TestContract::__wrapper__bad2\n\tExternal call to reentrancy_benign::reentrancy_benign::IAnotherContractDispatcherImpl::foo (2nd occurrence) (reentrancy_benign.cairo:41) done in reentrancy_benign::reentrancy_benign::TestContract::bad2\n\tStorage variable #1 of reentrancy_benign::reentrancy_benign::TestContract written after the call by core::starknet::storage::StorablePointerWriteAccessImpl::write (2nd occurrence) (reentrancy_benign.cairo:46) in reentrancy_benign::reentrancy_benign::TestContract::bad2.",
    },
    Result {
        impact: Low,
        name: "reentrancy-benign",
        confidence: Medium,
        message: "Reentrancy in reentrancy_benign::reentrancy_benign::TestContract::__wrapper__bad3\n\tExternal call to reentrancy_benign::reentrancy_benign::IAnotherContractDispatcherImpl::foo (reentrancy_benign.cairo:56) done in reentrancy_benign::reentrancy_benign::TestContract::internal_ext_call\n\tStorage variable #0 of reentrancy_benign::reentrancy_benign::TestContract written after the call by core::starknet::storage::StorablePointerWriteAccessImpl::write (reentrancy_benign.cairo:52) in reentrancy_benign::reentrancy_benign::TestContract::bad3.",
    },
    Result {
        impact: Low,
        name: "reentrancy-benign",
        confidence: Medium,
        message: "Reentrancy in reentrancy_benign::reentrancy_benign::TestContract::__wrapper__bad4\n\tExternal call to reentrancy_benign::reentrancy_benign::IAnotherContractDispatcherImpl::foo (reentrancy_benign.cairo:66) done in reentrancy_benign::reentrancy_benign::TestContract::internal_ext_call2\n\tStorage variable #0 of reentrancy_benign::reentrancy_benign::TestContract written after the call by core::starknet::storage::StorablePointerWriteAccessImpl::write (reentrancy_benign.cairo:62) in reentrancy_benign::reentrancy_benign::TestContract::bad4.",
    },
    Result {
        impact: Low,
        name: "reentrancy-benign",
        confidence: Medium,
        message: "Reentrancy in reentrancy_benign::reentrancy_benign::TestContract::__wrapper__bad5_write_between_calls\n\tExternal call to reentrancy_benign::reentrancy_benign::IAnotherContractDispatcherImpl::foo (1st occurrence) (reentrancy_benign.cairo:74) done in reentrancy_benign::reentrancy_benign::TestContract::bad5_write_between_calls\n\tStorage variable #0 of reentrancy_benign::reentrancy_benign::TestContract written after the call by core::starknet::storage::StorablePointerWriteAccessImpl::write (reentrancy_benign.cairo:75) in reentrancy_benign::reentrancy_benign::TestContract::bad5_write_between_calls.",
    },
]
