---
source: tests/integration_tests.rs
assertion_line: 23
expression: results
input_file: tests/detectors/controlled_replace_class.cairo
---
[
    Result {
        impact: High,
        name: "controlled-replace-class",
        confidence: Medium,
        message: "replace_class_syscall with user controlled class hash in controlled_replace_class::controlled_replace_class::ReplaceClassContract::bad_direct\n replace_class_syscall (controlled_replace_class.cairo:14)",
    },
    Result {
        impact: High,
        name: "controlled-replace-class",
        confidence: Medium,
        message: "replace_class_syscall with user controlled class hash in controlled_replace_class::controlled_replace_class::ReplaceClassContract::do_replace\n replace_class_syscall (controlled_replace_class.cairo:26)",
    },
    Result {
        impact: High,
        name: "unprotected-replace-class",
        confidence: Low,
        message: "The external function controlled_replace_class::controlled_replace_class::ReplaceClassContract::__wrapper__bad_direct (controlled_replace_class.cairo:12) can replace the contract class without a caller address check",
    },
    Result {
        impact: High,
        name: "unprotected-replace-class",
        confidence: Low,
        message: "The external function controlled_replace_class::controlled_replace_class::ReplaceClassContract::__wrapper__bad_indirect (controlled_replace_class.cairo:19) can replace the contract class without a caller address check",
    },
    Result {
        impact: High,
        name: "unprotected-replace-class",
        confidence: Low,
        message: "The external function controlled_replace_class::controlled_replace_class::ReplaceClassContract::__wrapper__good_stored (controlled_replace_class.cairo:31) can replace the contract class without a caller address check",
    },
]
