---
source: tests/integration_tests.rs
assertion_line: 23
expression: results
input_file: tests/detectors/felt252_overflow.cairo
---
[
    Result {
        impact: Medium,
        name: "felt252-unsafe-arithmetic",
        confidence: Medium,
        message: "The function felt252_overflow::felt252_overflow::Felt252Overflow::__wrapper__bad_add_controlled uses the felt252 operation felt252_add([43], [48]) -> ([57]) with the user-controlled parameters: [48], which is not overflow/underflow safe",
    },
    Result {
        impact: Medium,
        name: "felt252-unsafe-arithmetic",
        confidence: Medium,
        message: "The function felt252_overflow::felt252_overflow::Felt252Overflow::__wrapper__bad_add_controlled uses the felt252 operation felt252_add([57], [56]) -> ([58]) with the user-controlled parameters: [57],[56], which is not overflow/underflow safe",
    },
    Result {
        impact: Medium,
        name: "felt252-unsafe-arithmetic",
        confidence: Medium,
        message: "The function felt252_overflow::felt252_overflow::Felt252Overflow::__wrapper__bad_add_controlled uses the felt252 operation felt252_sub([50], [49]) -> ([51]) with the user-controlled parameters: [50], which is not overflow/underflow safe",
    },
    Result {
        impact: Medium,
        name: "felt252-unsafe-arithmetic",
        confidence: Medium,
        message: "The function felt252_overflow::felt252_overflow::Felt252Overflow::__wrapper__bad_add_uncontrolled uses the felt252 operation felt252_add([25], [32]) -> ([33]), which is not overflow/underflow safe",
    },
    Result {
        impact: Medium,
        name: "felt252-unsafe-arithmetic",
        confidence: Medium,
        message: "The function felt252_overflow::felt252_overflow::Felt252Overflow::__wrapper__bad_add_uncontrolled uses the felt252 operation felt252_sub([23], [24]) -> ([25]), which is not overflow/underflow safe",
    },
    Result {
        impact: Medium,
        name: "felt252-unsafe-arithmetic",
        confidence: Medium,
        message: "The function felt252_overflow::felt252_overflow::Felt252Overflow::__wrapper__bad_add_uncontrolled uses the felt252 operation felt252_sub([27], [26]) -> ([28]), which is not overflow/underflow safe",
    },
    Result {
        impact: Medium,
        name: "felt252-unsafe-arithmetic",
        confidence: Medium,
        message: "The function felt252_overflow::felt252_overflow::Felt252Overflow::__wrapper__bad_mul_controlled uses the felt252 operation felt252_mul([43], [41]) -> ([44]) with the user-controlled parameters: [43],[41], which is not overflow/underflow safe",
    },
    Result {
        impact: Medium,
        name: "felt252-unsafe-arithmetic",
        confidence: Medium,
        message: "The function felt252_overflow::felt252_overflow::Felt252Overflow::__wrapper__bad_mul_controlled uses the felt252 operation felt252_mul([44], [42]) -> ([47]) with the user-controlled parameters: [44],[42], which is not overflow/underflow safe",
    },
    Result {
        impact: Medium,
        name: "felt252-unsafe-arithmetic",
        confidence: Medium,
        message: "The function felt252_overflow::felt252_overflow::Felt252Overflow::__wrapper__bad_mul_controlled uses the felt252 operation felt252_mul([45], [40]) -> ([46]) with the user-controlled parameters: [45],[40], which is not overflow/underflow safe",
    },
    Result {
        impact: Medium,
        name: "felt252-unsafe-arithmetic",
        confidence: Medium,
        message: "The function felt252_overflow::felt252_overflow::Felt252Overflow::__wrapper__bad_mul_controlled uses the felt252 operation felt252_mul([47], [46]) -> ([48]) with the user-controlled parameters: [47],[46], which is not overflow/underflow safe",
    },
    Result {
        impact: Medium,
        name: "felt252-unsafe-arithmetic",
        confidence: Medium,
        message: "The function felt252_overflow::felt252_overflow::Felt252Overflow::__wrapper__bad_sub_controlled uses the felt252 operation felt252_sub([38], [45]) -> ([46]) with the user-controlled parameters: [45], which is not overflow/underflow safe",
    },
    Result {
        impact: Medium,
        name: "felt252-unsafe-arithmetic",
        confidence: Medium,
        message: "The function felt252_overflow::felt252_overflow::Felt252Overflow::__wrapper__bad_sub_uncontrolled uses the felt252 operation felt252_sub([25], [26]) -> ([27]), which is not overflow/underflow safe",
    },
    Result {
        impact: Medium,
        name: "felt252-unsafe-arithmetic",
        confidence: Medium,
        message: "The function felt252_overflow::felt252_overflow::Felt252Overflow::__wrapper__test_sub_assert uses the felt252 operation felt252_sub([28], [43]) -> ([44]) with the user-controlled parameters: [28], which is not overflow/underflow safe",
    },
    Result {
        impact: Medium,
        name: "felt252-unsafe-arithmetic",
        confidence: Medium,
        message: "The function felt252_overflow::felt252_overflow::Felt252Overflow::__wrapper__test_sub_assert uses the felt252 operation felt252_sub([30], [29]) -> ([31]) with the user-controlled parameters: [30], which is not overflow/underflow safe",
    },
    Result {
        impact: Medium,
        name: "felt252-unsafe-arithmetic",
        confidence: Medium,
        message: "The function felt252_overflow::felt252_overflow::Felt252Overflow::__wrapper__test_sub_assert uses the felt252 operation felt252_sub([35], [34]) -> ([36]) with the user-controlled parameters: [35], which is not overflow/underflow safe",
    },
]
