---
source: tests/integration_tests.rs
assertion_line: 23
expression: results
input_file: tests/detectors/unused_return.cairo
---
[
    Result {
        impact: Medium,
        name: "felt252-unsafe-arithmetic",
        confidence: Medium,
        message: "The function unused_return::unused_return::UnusedReturn::__wrapper__no_report2 uses the felt252 operation felt252_mul([33], [38]) -> ([39]), which is not overflow/underflow safe",
    },
    Result {
        impact: Medium,
        name: "felt252-unsafe-arithmetic",
        confidence: Medium,
        message: "The function unused_return::unused_return::UnusedReturn::__wrapper__no_report3 uses the felt252 operation felt252_mul([33], [38]) -> ([39]), which is not overflow/underflow safe",
    },
    Result {
        impact: Medium,
        name: "felt252-unsafe-arithmetic",
        confidence: Medium,
        message: "The function unused_return::unused_return::UnusedReturn::__wrapper__no_report4 uses the felt252 operation felt252_add([29], [61]) -> ([62]) with the user-controlled parameters: [29],[61], which is not overflow/underflow safe",
    },
    Result {
        impact: Medium,
        name: "felt252-unsafe-arithmetic",
        confidence: Medium,
        message: "The function unused_return::unused_return::UnusedReturn::__wrapper__no_report4 uses the felt252 operation felt252_add([60], [55]) -> ([61]) with the user-controlled parameters: [60], which is not overflow/underflow safe",
    },
    Result {
        impact: Medium,
        name: "felt252-unsafe-arithmetic",
        confidence: Medium,
        message: "The function unused_return::unused_return::UnusedReturn::__wrapper__no_report4 uses the felt252 operation felt252_mul([17], [18]) -> ([60]) with the user-controlled parameters: [17],[18], which is not overflow/underflow safe",
    },
    Result {
        impact: Medium,
        name: "felt252-unsafe-arithmetic",
        confidence: Medium,
        message: "The function unused_return::unused_return::UnusedReturn::__wrapper__no_report5 uses the felt252 operation felt252_add([60], [55]) -> ([61]) with the user-controlled parameters: [60], which is not overflow/underflow safe",
    },
    Result {
        impact: Medium,
        name: "felt252-unsafe-arithmetic",
        confidence: Medium,
        message: "The function unused_return::unused_return::UnusedReturn::__wrapper__no_report5 uses the felt252 operation felt252_mul([17], [18]) -> ([60]) with the user-controlled parameters: [17],[18], which is not overflow/underflow safe",
    },
]
