---
source: tests/integration_tests.rs
assertion_line: 23
expression: results
input_file: tests/detectors/felt252_overflow.cairo
---
[
    Result {
        impact: Medium,
        name: "felt252-unsafe-arithmetic",
        confidence: Medium,
        message: "The function felt252_overflow::felt252_overflow::Felt252Overflow::__wrapper__bad_add_controlled uses the felt252 operation felt252_add([41], [45]) -> ([53]) with the user-controlled parameters: [45], which is not overflow/underflow safe",
    },
    Result {
        impact: Medium,
        name: "felt252-unsafe-arithmetic",
        confidence: Medium,
        message: "The function felt252_overflow::felt252_overflow::Felt252Overflow::__wrapper__bad_add_controlled uses the felt252 operation felt252_add([53], [52]) -> ([54]) with the user-controlled parameters: [53],[52], which is not overflow/underflow safe",
    },
    Result {
        impact: Medium,
        name: "felt252-unsafe-arithmetic",
        confidence: Medium,
        message: "The function felt252_overflow::felt252_overflow::Felt252Overflow::__wrapper__bad_add_controlled uses the felt252 operation felt252_sub([47], [46]) -> ([48]) with the user-controlled parameters: [47], which is not overflow/underflow safe",
    },
    Result {
        impact: Medium,
        name: "felt252-unsafe-arithmetic",
        confidence: Medium,
        message: "The function felt252_overflow::felt252_overflow::Felt252Overflow::__wrapper__bad_add_uncontrolled uses the felt252 operation felt252_add([25], [31]) -> ([32]), which is not overflow/underflow safe",
    },
    Result {
        impact: Medium,
        name: "felt252-unsafe-arithmetic",
        confidence: Medium,
        message: "The function felt252_overflow::felt252_overflow::Felt252Overflow::__wrapper__bad_add_uncontrolled uses the felt252 operation felt252_sub([23], [24]) -> ([25]), which is not overflow/underflow safe",
    },
    Result {
        impact: Medium,
        name: "felt252-unsafe-arithmetic",
        confidence: Medium,
        message: "The function felt252_overflow::felt252_overflow::Felt252Overflow::__wrapper__bad_mul_controlled uses the felt252 operation felt252_mul([40], [38]) -> ([41]) with the user-controlled parameters: [40],[38], which is not overflow/underflow safe",
    },
    Result {
        impact: Medium,
        name: "felt252-unsafe-arithmetic",
        confidence: Medium,
        message: "The function felt252_overflow::felt252_overflow::Felt252Overflow::__wrapper__bad_mul_controlled uses the felt252 operation felt252_mul([41], [39]) -> ([44]) with the user-controlled parameters: [41],[39], which is not overflow/underflow safe",
    },
    Result {
        impact: Medium,
        name: "felt252-unsafe-arithmetic",
        confidence: Medium,
        message: "The function felt252_overflow::felt252_overflow::Felt252Overflow::__wrapper__bad_mul_controlled uses the felt252 operation felt252_mul([42], [37]) -> ([43]) with the user-controlled parameters: [42],[37], which is not overflow/underflow safe",
    },
    Result {
        impact: Medium,
        name: "felt252-unsafe-arithmetic",
        confidence: Medium,
        message: "The function felt252_overflow::felt252_overflow::Felt252Overflow::__wrapper__bad_mul_controlled uses the felt252 operation felt252_mul([44], [43]) -> ([45]) with the user-controlled parameters: [44],[43], which is not overflow/underflow safe",
    },
    Result {
        impact: Medium,
        name: "felt252-unsafe-arithmetic",
        confidence: Medium,
        message: "The function felt252_overflow::felt252_overflow::Felt252Overflow::__wrapper__bad_sub_controlled uses the felt252 operation felt252_sub([37], [43]) -> ([44]) with the user-controlled parameters: [43], which is not overflow/underflow safe",
    },
    Result {
        impact: Medium,
        name: "felt252-unsafe-arithmetic",
        confidence: Medium,
        message: "The function felt252_overflow::felt252_overflow::Felt252Overflow::__wrapper__bad_sub_uncontrolled uses the felt252 operation felt252_sub([25], [26]) -> ([27]), which is not overflow/underflow safe",
    },
    Result {
        impact: Medium,
        name: "felt252-unsafe-arithmetic",
        confidence: Medium,
        message: "The function felt252_overflow::felt252_overflow::Felt252Overflow::__wrapper__test_sub_assert uses the felt252 operation felt252_sub([27], [38]) -> ([39]) with the user-controlled parameters: [27], which is not overflow/underflow safe",
    },
]
