---
source: tests/integration_tests.rs
expression: results
input_file: tests/detectors/tx_origin.cairo
---
[
    Result {
        impact: Medium,
        name: "tx-origin",
        confidence: Medium,
        message: "The transaction origin contract address is used in an access control check in the function tx_origin::tx_origin::TxOrigin::bad (tx_origin.cairo:10)",
        locations: [
            SourceLocation {
                file: "tx_origin.cairo",
                line: 10,
                col: 5,
            },
        ],
    },
    Result {
        impact: Medium,
        name: "tx-origin",
        confidence: Medium,
        message: "The transaction origin contract address is used in an access control check in the function tx_origin::tx_origin::TxOrigin::bad_indirect (tx_origin.cairo:18)",
        locations: [
            SourceLocation {
                file: "tx_origin.cairo",
                line: 18,
                col: 5,
            },
        ],
    },
]
